// Bun Snapshot v1, https://goo.gl/fbAQLP

exports[`extractErrors 1`] = `
[
  {
    "selector": "0xcc35f152",
    "signature": "NoSwapData(address,address)",
  },
  {
    "selector": "0x43038e14",
    "signature": "PriceFailed(address)",
  },
  {
    "selector": "0x71c4efed",
    "signature": "SlippageExceeded(uint256,uint256)",
  },
  {
    "selector": "0x6f40b568",
    "signature": "SwapFailed(address,bytes)",
  },
]
`;
